C:/TouchGFXProjects/ping pong/Core/Src/stm32f4xx_hal_msp.c:65:6:HAL_MspInit	8	static
C:/TouchGFXProjects/ping pong/Core/Src/stm32f4xx_hal_msp.c:90:6:HAL_ADC_MspInit	48	static
C:/TouchGFXProjects/ping pong/Core/Src/stm32f4xx_hal_msp.c:144:6:HAL_ADC_MspDeInit	0	static
C:/TouchGFXProjects/ping pong/Core/Src/stm32f4xx_hal_msp.c:189:6:HAL_CRC_MspInit	8	static
C:/TouchGFXProjects/ping pong/Core/Src/stm32f4xx_hal_msp.c:212:6:HAL_CRC_MspDeInit	0	static
C:/TouchGFXProjects/ping pong/Core/Src/stm32f4xx_hal_msp.c:234:6:HAL_DMA2D_MspInit	16	static
C:/TouchGFXProjects/ping pong/Core/Src/stm32f4xx_hal_msp.c:260:6:HAL_DMA2D_MspDeInit	0	static
C:/TouchGFXProjects/ping pong/Core/Src/stm32f4xx_hal_msp.c:285:6:HAL_I2C_MspInit	64	static
C:/TouchGFXProjects/ping pong/Core/Src/stm32f4xx_hal_msp.c:334:6:HAL_I2C_MspDeInit	8	static
C:/TouchGFXProjects/ping pong/Core/Src/stm32f4xx_hal_msp.c:365:6:HAL_I2S_MspInit	104	static
C:/TouchGFXProjects/ping pong/Core/Src/stm32f4xx_hal_msp.c:442:6:HAL_I2S_MspDeInit	8	static
C:/TouchGFXProjects/ping pong/Core/Src/stm32f4xx_hal_msp.c:476:6:HAL_LTDC_MspInit	120	static
C:/TouchGFXProjects/ping pong/Core/Src/stm32f4xx_hal_msp.c:602:6:HAL_LTDC_MspDeInit	8	static
C:/TouchGFXProjects/ping pong/Core/Src/stm32f4xx_hal_msp.c:664:6:HAL_SPI_MspInit	40	static
C:/TouchGFXProjects/ping pong/Core/Src/stm32f4xx_hal_msp.c:702:6:HAL_SPI_MspDeInit	0	static
C:/TouchGFXProjects/ping pong/Core/Src/stm32f4xx_hal_msp.c:834:6:HAL_SDRAM_MspInit	48	static
C:/TouchGFXProjects/ping pong/Core/Src/stm32f4xx_hal_msp.c:920:6:HAL_SDRAM_MspDeInit	8	static
