../../Middlewares/ST/touchgfx/framework/include/touchgfx/Screen.hpp:104:18:virtual void touchgfx::Screen::afterTransition()	0	static
../../Middlewares/ST/touchgfx/framework/include/touchgfx/Screen.hpp:154:18:virtual void touchgfx::Screen::handleKeyEvent(uint8_t)	0	static
C:/TouchGFXProjects/MyApplication_2/TouchGFX/gui/src/gamescreen_screen/GameScreenView.cpp:20:6:virtual void GameScreenView::tearDownScreen()	0	static
../../TouchGFX/gui/include/gui/gamescreen_screen/GameScreenView.hpp:11:13:GameScreenView::~GameScreenView()	8	static
../../TouchGFX/gui/include/gui/gamescreen_screen/GameScreenView.hpp:11:13:virtual GameScreenView::~GameScreenView()	8	static
C:/TouchGFXProjects/MyApplication_2/TouchGFX/gui/src/gamescreen_screen/GameScreenView.cpp:10:1:GameScreenView::GameScreenView()	8	static
C:/TouchGFXProjects/MyApplication_2/TouchGFX/gui/src/gamescreen_screen/GameScreenView.cpp:15:6:virtual void GameScreenView::setupScreen()	0	static
C:/TouchGFXProjects/MyApplication_2/TouchGFX/gui/src/gamescreen_screen/GameScreenView.cpp:25:6:virtual void GameScreenView::handleTick()	40	static
