../../Middlewares/ST/touchgfx/framework/include/touchgfx/Screen.hpp:104:18:virtual void touchgfx::Screen::afterTransition()	0	static
../../Middlewares/ST/touchgfx/framework/include/touchgfx/Screen.hpp:144:18:virtual void touchgfx::Screen::handleTickEvent()	0	static
../../Middlewares/ST/touchgfx/framework/include/touchgfx/Screen.hpp:154:18:virtual void touchgfx::Screen::handleKeyEvent(uint8_t)	0	static
C:/TouchGFXProjects/ping_pong/TouchGFX/gui/src/overscreen_screen/OverScreenView.cpp:22:6:virtual void OverScreenView::tearDownScreen()	0	static
../../TouchGFX/gui/include/gui/overscreen_screen/OverScreenView.hpp:11:13:OverScreenView::~OverScreenView()	8	static
../../TouchGFX/gui/include/gui/overscreen_screen/OverScreenView.hpp:11:13:virtual OverScreenView::~OverScreenView()	8	static
C:/TouchGFXProjects/ping_pong/TouchGFX/gui/src/overscreen_screen/OverScreenView.cpp:3:6:void OverScreenView::updateWinner()	8	static
C:/TouchGFXProjects/ping_pong/TouchGFX/gui/src/overscreen_screen/OverScreenView.cpp:10:1:OverScreenView::OverScreenView()	8	static
C:/TouchGFXProjects/ping_pong/TouchGFX/gui/src/overscreen_screen/OverScreenView.cpp:15:6:virtual void OverScreenView::setupScreen()	8	static
